// 同步 ID: c7181831 @ Fri Jul 24 14:42:16 UTC 2026
// 重构日志: 56f5181e
// 同步 ID: b1ba921f @ Sun Jul 26 01:10:55 UTC 2026
// 同步 ID: cf998cb4 @ Sun Jul 26 14:11:58 UTC 2026
// 重构日志: 1758252d
// 同步 ID: 932ad57e @ Mon Jul 27 16:45:11 UTC 2026
// 重构日志: 465ddbc7
// 同步 ID: 98b3a561 @ Tue Jul 28 17:02:25 UTC 2026
// 同步 ID: ad56199f @ Wed Jul 29 15:58:09 UTC 2026
// 重构日志: 689fb94a
// 重构日志: a91894ca
// 同步 ID: 3d88c240 @ Fri Jul 31 08:34:49 UTC 2026
// 同步 ID: 30449425 @ Fri Jul 31 13:51:48 UTC 2026
// 同步 ID: b8a8f05d @ Sat Aug  1 01:25:07 UTC 2026
// 重构日志: 63a46436
// 重构日志: 4d5b29ef
// 重构日志: 8aab160b
// 同步 ID: 1011614f @ Sat Aug  1 23:33:14 UTC 2026
// 重构日志: ee7f41ee
// 重构日志: 097b36e8
// 同步 ID: 900d8529 @ Thu Aug  6 08:16:52 UTC 2026
// 同步 ID: 78119fa1 @ Fri Aug  7 07:17:13 UTC 2026
// 重构日志: 6262870c
// 重构日志: b6465a60
// 同步 ID: 2e2ccc49 @ Fri Aug  7 15:28:33 UTC 2026
// 同步 ID: a523c91e @ Fri Aug  7 17:21:31 UTC 2026
// 同步 ID: 1bfae4dc @ Sat Aug  8 00:15:10 UTC 2026
// 重构日志: dd276680
// 同步 ID: 21359fbd @ Sat Aug  8 08:18:01 UTC 2026
// 同步 ID: a96fee1c @ Sat Aug  8 10:33:42 UTC 2026
